/path/to/catalyst/frontend/catalyst/decomposition/decomposition_rules.py:135: UserWarning: Failed to get resources for the _rz_to_rx_cliff decomposition rule: Graph-based decomposition expects an Operator2 instance, got ChangeOpBasis(compute_op=Hadamard, target_op=RX, uncompute_op=Hadamard) of type <class 'pennylane.decomposition.resources.CompressedResourceOp'>
  warnings.warn(f"Failed to get resources for the {rule.name} decomposition rule: {e}")
/path/to/catalyst/frontend/catalyst/decomposition/decomposition_rules.py:135: UserWarning: Failed to get resources for the _rz_to_ry_cliff decomposition rule: Graph-based decomposition expects an Operator2 instance, got ChangeOpBasis(compute_op=Prod(resources={S(wires=AbstractWires(1)): 1, H(wires=AbstractWires(1)): 1}), target_op=RY, uncompute_op=Prod(resources={Adjoint(S): 1, H(wires=AbstractWires(1)): 1})) of type <class 'pennylane.decomposition.resources.CompressedResourceOp'>
  warnings.warn(f"Failed to get resources for the {rule.name} decomposition rule: {e}")
/path/to/catalyst/frontend/catalyst/decomposition/decomposition_rules.py:135: UserWarning: Failed to get resources for the _rx_to_rot decomposition rule: _rx_to_rot_resources() takes 0 positional arguments but 1 was given
  warnings.warn(f"Failed to get resources for the {rule.name} decomposition rule: {e}")
/path/to/catalyst/frontend/catalyst/decomposition/decomposition_rules.py:135: UserWarning: Failed to get resources for the _rx_to_rz_ry decomposition rule: _rx_to_rz_ry_resources() takes 0 positional arguments but 1 was given
  warnings.warn(f"Failed to get resources for the {rule.name} decomposition rule: {e}")
/path/to/catalyst/frontend/catalyst/decomposition/decomposition_rules.py:135: UserWarning: Failed to get resources for the _rx_to_ppr decomposition rule: _rx_to_ppr_resources() takes 0 positional arguments but 1 was given
  warnings.warn(f"Failed to get resources for the {rule.name} decomposition rule: {e}")
/path/to/catalyst/frontend/catalyst/decomposition/decomposition_rules.py:135: UserWarning: Failed to get resources for the _rx_to_ry_cliff decomposition rule: _rx_to_ry_cliff_resources() takes 0 positional arguments but 1 was given
  warnings.warn(f"Failed to get resources for the {rule.name} decomposition rule: {e}")
/path/to/catalyst/frontend/catalyst/decomposition/decomposition_rules.py:135: UserWarning: Failed to get resources for the _rx_to_rz_cliff decomposition rule: _rx_to_rz_cliff_resources() takes 0 positional arguments but 1 was given
  warnings.warn(f"Failed to get resources for the {rule.name} decomposition rule: {e}")
/path/to/catalyst/frontend/catalyst/decomposition/decomposition_rules.py:135: UserWarning: Failed to get resources for the _ry_to_rot decomposition rule: _ry_to_rot_resources() takes 0 positional arguments but 1 was given
  warnings.warn(f"Failed to get resources for the {rule.name} decomposition rule: {e}")
/path/to/catalyst/frontend/catalyst/decomposition/decomposition_rules.py:135: UserWarning: Failed to get resources for the _ry_to_rz_rx decomposition rule: _ry_to_rz_rx_resources() takes 0 positional arguments but 1 was given
  warnings.warn(f"Failed to get resources for the {rule.name} decomposition rule: {e}")
/path/to/catalyst/frontend/catalyst/decomposition/decomposition_rules.py:135: UserWarning: Failed to get resources for the _ry_to_ppr decomposition rule: _ry_to_ppr_resources() takes 0 positional arguments but 1 was given
  warnings.warn(f"Failed to get resources for the {rule.name} decomposition rule: {e}")
/path/to/catalyst/frontend/catalyst/decomposition/decomposition_rules.py:135: UserWarning: Failed to get resources for the _ry_to_rx_cliff decomposition rule: _ry_to_rx_cliff_resources() takes 0 positional arguments but 1 was given
  warnings.warn(f"Failed to get resources for the {rule.name} decomposition rule: {e}")
/path/to/catalyst/frontend/catalyst/decomposition/decomposition_rules.py:135: UserWarning: Failed to get resources for the _ry_to_rz_cliff decomposition rule: _ry_to_rz_cliff_resources() takes 0 positional arguments but 1 was given
  warnings.warn(f"Failed to get resources for the {rule.name} decomposition rule: {e}")
/path/to/catalyst/frontend/catalyst/decomposition/decomposition_rules.py:319: UserWarning: Failed to lower the _rz_to_rx_cliff decomposition rule for RZ: Graph-based decomposition expects an Operator2 instance, got ChangeOpBasis(compute_op=Hadamard, target_op=RX, uncompute_op=Hadamard) of type <class 'pennylane.decomposition.resources.CompressedResourceOp'>
  warnings.warn(
/path/to/catalyst/frontend/catalyst/decomposition/decomposition_rules.py:319: UserWarning: Failed to lower the _rz_to_ry_cliff decomposition rule for RZ: Graph-based decomposition expects an Operator2 instance, got ChangeOpBasis(compute_op=Prod(resources={S(wires=AbstractWires(1)): 1, H(wires=AbstractWires(1)): 1}), target_op=RY, uncompute_op=Prod(resources={Adjoint(S): 1, H(wires=AbstractWires(1)): 1})) of type <class 'pennylane.decomposition.resources.CompressedResourceOp'>
  warnings.warn(
samples: [[0 0 0]
 [0 0 0]
 [0 0 0]
 [0 0 0]
 [0 0 0]
 [0 0 0]
 [0 0 0]
 [0 0 0]
 [0 0 0]
 [0 0 0]]
